[DEBUG] 2026-03-18 10:30:34 django.db.backends debug_sql:131 — (0.000) 
            SELECT name, type FROM sqlite_master
            WHERE type in ('table', 'view') AND NOT name='sqlite_sequence'
            ORDER BY name; args=None; alias=default
[DEBUG] 2026-03-18 10:30:34 django.db.backends debug_sql:131 — (0.000) SELECT "django_migrations"."id", "django_migrations"."app", "django_migrations"."name", "django_migrations"."applied" FROM "django_migrations"; args=(); alias=default
[DEBUG] 2026-03-18 10:30:43 django.db.backends debug_sql:131 — (0.001) SELECT "django_session"."session_key", "django_session"."session_data", "django_session"."expire_date" FROM "django_session" WHERE ("django_session"."expire_date" > '2026-03-18 03:30:43.338529' AND "django_session"."session_key" = 'b7a3rmb7xl2jc1uss0dh2moqm1oo7ea6') LIMIT 21; args=('2026-03-18 03:30:43.338529', 'b7a3rmb7xl2jc1uss0dh2moqm1oo7ea6'); alias=default
[DEBUG] 2026-03-18 10:30:43 django.db.backends debug_sql:131 — (0.000) SELECT "auth_user"."id", "auth_user"."password", "auth_user"."last_login", "auth_user"."is_superuser", "auth_user"."username", "auth_user"."first_name", "auth_user"."last_name", "auth_user"."email", "auth_user"."is_staff", "auth_user"."is_active", "auth_user"."date_joined" FROM "auth_user" WHERE "auth_user"."id" = 1 LIMIT 21; args=(1,); alias=default
[DEBUG] 2026-03-18 10:30:43 django.db.backends debug_sql:131 — (0.000) SELECT COUNT(*) AS "__count" FROM "store_notification" WHERE (NOT "store_notification"."is_read" AND "store_notification"."recipient_id" = 1); args=(1,); alias=default
[DEBUG] 2026-03-18 10:30:43 django.db.backends debug_sql:131 — (0.000) SELECT "store_notification"."id", "store_notification"."recipient_id", "store_notification"."message", "store_notification"."link", "store_notification"."is_read", "store_notification"."notification_type", "store_notification"."created_at" FROM "store_notification" WHERE "store_notification"."recipient_id" = 1 ORDER BY "store_notification"."created_at" DESC LIMIT 20; args=(1,); alias=default
[DEBUG] 2026-03-18 10:31:09 django.db.backends debug_sql:131 — (0.000) 
            SELECT name, type FROM sqlite_master
            WHERE type in ('table', 'view') AND NOT name='sqlite_sequence'
            ORDER BY name; args=None; alias=default
[DEBUG] 2026-03-18 10:31:09 django.db.backends debug_sql:131 — (0.000) SELECT "django_migrations"."id", "django_migrations"."app", "django_migrations"."name", "django_migrations"."applied" FROM "django_migrations"; args=(); alias=default
[DEBUG] 2026-03-18 10:31:23 django.db.backends debug_sql:131 — (0.000) SELECT "django_session"."session_key", "django_session"."session_data", "django_session"."expire_date" FROM "django_session" WHERE ("django_session"."expire_date" > '2026-03-18 03:31:23.341063' AND "django_session"."session_key" = 'b7a3rmb7xl2jc1uss0dh2moqm1oo7ea6') LIMIT 21; args=('2026-03-18 03:31:23.341063', 'b7a3rmb7xl2jc1uss0dh2moqm1oo7ea6'); alias=default
[DEBUG] 2026-03-18 10:31:23 django.db.backends debug_sql:131 — (0.000) SELECT "auth_user"."id", "auth_user"."password", "auth_user"."last_login", "auth_user"."is_superuser", "auth_user"."username", "auth_user"."first_name", "auth_user"."last_name", "auth_user"."email", "auth_user"."is_staff", "auth_user"."is_active", "auth_user"."date_joined" FROM "auth_user" WHERE "auth_user"."id" = 1 LIMIT 21; args=(1,); alias=default
[DEBUG] 2026-03-18 10:31:23 django.db.backends debug_sql:131 — (0.000) SELECT COUNT(*) AS "__count" FROM "store_notification" WHERE (NOT "store_notification"."is_read" AND "store_notification"."recipient_id" = 1); args=(1,); alias=default
[DEBUG] 2026-03-18 10:31:23 django.db.backends debug_sql:131 — (0.000) SELECT "store_notification"."id", "store_notification"."recipient_id", "store_notification"."message", "store_notification"."link", "store_notification"."is_read", "store_notification"."notification_type", "store_notification"."created_at" FROM "store_notification" WHERE "store_notification"."recipient_id" = 1 ORDER BY "store_notification"."created_at" DESC LIMIT 20; args=(1,); alias=default
[DEBUG] 2026-03-18 10:31:25 django.db.backends debug_sql:131 — (0.000) 
            SELECT name, type FROM sqlite_master
            WHERE type in ('table', 'view') AND NOT name='sqlite_sequence'
            ORDER BY name; args=None; alias=default
[DEBUG] 2026-03-18 10:31:25 django.db.backends debug_sql:131 — (0.000) SELECT "django_migrations"."id", "django_migrations"."app", "django_migrations"."name", "django_migrations"."applied" FROM "django_migrations"; args=(); alias=default
[DEBUG] 2026-03-18 10:31:45 django.db.backends debug_sql:131 — (0.000) 
            SELECT name, type FROM sqlite_master
            WHERE type in ('table', 'view') AND NOT name='sqlite_sequence'
            ORDER BY name; args=None; alias=default
[DEBUG] 2026-03-18 10:31:45 django.db.backends debug_sql:131 — (0.000) SELECT "django_migrations"."id", "django_migrations"."app", "django_migrations"."name", "django_migrations"."applied" FROM "django_migrations"; args=(); alias=default
[DEBUG] 2026-03-18 10:31:58 django.db.backends debug_sql:131 — (0.000) 
            SELECT name, type FROM sqlite_master
            WHERE type in ('table', 'view') AND NOT name='sqlite_sequence'
            ORDER BY name; args=None; alias=default
[DEBUG] 2026-03-18 10:31:58 django.db.backends debug_sql:131 — (0.000) SELECT "django_migrations"."id", "django_migrations"."app", "django_migrations"."name", "django_migrations"."applied" FROM "django_migrations"; args=(); alias=default
[DEBUG] 2026-03-18 10:32:03 django.db.backends debug_sql:131 — (0.000) SELECT "django_session"."session_key", "django_session"."session_data", "django_session"."expire_date" FROM "django_session" WHERE ("django_session"."expire_date" > '2026-03-18 03:32:03.340269' AND "django_session"."session_key" = 'b7a3rmb7xl2jc1uss0dh2moqm1oo7ea6') LIMIT 21; args=('2026-03-18 03:32:03.340269', 'b7a3rmb7xl2jc1uss0dh2moqm1oo7ea6'); alias=default
[DEBUG] 2026-03-18 10:32:03 django.db.backends debug_sql:131 — (0.000) SELECT "auth_user"."id", "auth_user"."password", "auth_user"."last_login", "auth_user"."is_superuser", "auth_user"."username", "auth_user"."first_name", "auth_user"."last_name", "auth_user"."email", "auth_user"."is_staff", "auth_user"."is_active", "auth_user"."date_joined" FROM "auth_user" WHERE "auth_user"."id" = 1 LIMIT 21; args=(1,); alias=default
[DEBUG] 2026-03-18 10:32:03 django.db.backends debug_sql:131 — (0.000) SELECT COUNT(*) AS "__count" FROM "store_notification" WHERE (NOT "store_notification"."is_read" AND "store_notification"."recipient_id" = 1); args=(1,); alias=default
[DEBUG] 2026-03-18 10:32:03 django.db.backends debug_sql:131 — (0.000) SELECT "store_notification"."id", "store_notification"."recipient_id", "store_notification"."message", "store_notification"."link", "store_notification"."is_read", "store_notification"."notification_type", "store_notification"."created_at" FROM "store_notification" WHERE "store_notification"."recipient_id" = 1 ORDER BY "store_notification"."created_at" DESC LIMIT 20; args=(1,); alias=default
[DEBUG] 2026-03-18 10:32:24 django.db.backends debug_sql:131 — (0.000) 
            SELECT name, type FROM sqlite_master
            WHERE type in ('table', 'view') AND NOT name='sqlite_sequence'
            ORDER BY name; args=None; alias=default
[DEBUG] 2026-03-18 10:32:24 django.db.backends debug_sql:131 — (0.000) SELECT "django_migrations"."id", "django_migrations"."app", "django_migrations"."name", "django_migrations"."applied" FROM "django_migrations"; args=(); alias=default
[DEBUG] 2026-03-18 10:32:43 django.db.backends debug_sql:131 — (0.000) SELECT "django_session"."session_key", "django_session"."session_data", "django_session"."expire_date" FROM "django_session" WHERE ("django_session"."expire_date" > '2026-03-18 03:32:43.341473' AND "django_session"."session_key" = 'b7a3rmb7xl2jc1uss0dh2moqm1oo7ea6') LIMIT 21; args=('2026-03-18 03:32:43.341473', 'b7a3rmb7xl2jc1uss0dh2moqm1oo7ea6'); alias=default
[DEBUG] 2026-03-18 10:32:43 django.db.backends debug_sql:131 — (0.000) SELECT "auth_user"."id", "auth_user"."password", "auth_user"."last_login", "auth_user"."is_superuser", "auth_user"."username", "auth_user"."first_name", "auth_user"."last_name", "auth_user"."email", "auth_user"."is_staff", "auth_user"."is_active", "auth_user"."date_joined" FROM "auth_user" WHERE "auth_user"."id" = 1 LIMIT 21; args=(1,); alias=default
[DEBUG] 2026-03-18 10:32:43 django.db.backends debug_sql:131 — (0.000) SELECT COUNT(*) AS "__count" FROM "store_notification" WHERE (NOT "store_notification"."is_read" AND "store_notification"."recipient_id" = 1); args=(1,); alias=default
[DEBUG] 2026-03-18 10:32:43 django.db.backends debug_sql:131 — (0.000) SELECT "store_notification"."id", "store_notification"."recipient_id", "store_notification"."message", "store_notification"."link", "store_notification"."is_read", "store_notification"."notification_type", "store_notification"."created_at" FROM "store_notification" WHERE "store_notification"."recipient_id" = 1 ORDER BY "store_notification"."created_at" DESC LIMIT 20; args=(1,); alias=default
[DEBUG] 2026-03-18 10:33:01 django.db.backends debug_sql:131 — (0.000) 
            SELECT name, type FROM sqlite_master
            WHERE type in ('table', 'view') AND NOT name='sqlite_sequence'
            ORDER BY name; args=None; alias=default
[DEBUG] 2026-03-18 10:33:01 django.db.backends debug_sql:131 — (0.000) SELECT "django_migrations"."id", "django_migrations"."app", "django_migrations"."name", "django_migrations"."applied" FROM "django_migrations"; args=(); alias=default
[DEBUG] 2026-03-18 10:33:23 django.db.backends debug_sql:131 — (0.000) SELECT "django_session"."session_key", "django_session"."session_data", "django_session"."expire_date" FROM "django_session" WHERE ("django_session"."expire_date" > '2026-03-18 03:33:23.341125' AND "django_session"."session_key" = 'b7a3rmb7xl2jc1uss0dh2moqm1oo7ea6') LIMIT 21; args=('2026-03-18 03:33:23.341125', 'b7a3rmb7xl2jc1uss0dh2moqm1oo7ea6'); alias=default
[DEBUG] 2026-03-18 10:33:23 django.db.backends debug_sql:131 — (0.000) SELECT "auth_user"."id", "auth_user"."password", "auth_user"."last_login", "auth_user"."is_superuser", "auth_user"."username", "auth_user"."first_name", "auth_user"."last_name", "auth_user"."email", "auth_user"."is_staff", "auth_user"."is_active", "auth_user"."date_joined" FROM "auth_user" WHERE "auth_user"."id" = 1 LIMIT 21; args=(1,); alias=default
[DEBUG] 2026-03-18 10:33:23 django.db.backends debug_sql:131 — (0.000) SELECT COUNT(*) AS "__count" FROM "store_notification" WHERE (NOT "store_notification"."is_read" AND "store_notification"."recipient_id" = 1); args=(1,); alias=default
[DEBUG] 2026-03-18 10:33:23 django.db.backends debug_sql:131 — (0.000) SELECT "store_notification"."id", "store_notification"."recipient_id", "store_notification"."message", "store_notification"."link", "store_notification"."is_read", "store_notification"."notification_type", "store_notification"."created_at" FROM "store_notification" WHERE "store_notification"."recipient_id" = 1 ORDER BY "store_notification"."created_at" DESC LIMIT 20; args=(1,); alias=default
